Archive member included to satisfy reference by file (symbol)

c:/st/stm32cubeide_1.9.0/stm32cubeide/plugins/com.st.stm32cube.ide.mcu.externaltools.gnu-tools-for-stm32.10.3-2021.10.win32_1.0.0.202111181127/tools/bin/../lib/gcc/arm-none-eabi/10.3.1/../../../../arm-none-eabi/lib/thumb/v7-m/nofp\libstdc++_nano.a(guard.o)
                              ./Core/Src/main.o (__cxa_guard_acquire)
c:/st/stm32cubeide_1.9.0/stm32cubeide/plugins/com.st.stm32cube.ide.mcu.externaltools.gnu-tools-for-stm32.10.3-2021.10.win32_1.0.0.202111181127/tools/bin/../lib/gcc/arm-none-eabi/10.3.1/../../../../arm-none-eabi/lib/thumb/v7-m/nofp\libc_nano.a(lib_a-errno.o)
                              ./Core/Src/syscalls.o (__errno)
c:/st/stm32cubeide_1.9.0/stm32cubeide/plugins/com.st.stm32cube.ide.mcu.externaltools.gnu-tools-for-stm32.10.3-2021.10.win32_1.0.0.202111181127/tools/bin/../lib/gcc/arm-none-eabi/10.3.1/../../../../arm-none-eabi/lib/thumb/v7-m/nofp\libc_nano.a(lib_a-exit.o)
                              c:/st/stm32cubeide_1.9.0/stm32cubeide/plugins/com.st.stm32cube.ide.mcu.externaltools.gnu-tools-for-stm32.10.3-2021.10.win32_1.0.0.202111181127/tools/bin/../lib/gcc/arm-none-eabi/10.3.1/../../../../arm-none-eabi/lib/thumb/v7-m/nofp/crt0.o (exit)
c:/st/stm32cubeide_1.9.0/stm32cubeide/plugins/com.st.stm32cube.ide.mcu.externaltools.gnu-tools-for-stm32.10.3-2021.10.win32_1.0.0.202111181127/tools/bin/../lib/gcc/arm-none-eabi/10.3.1/../../../../arm-none-eabi/lib/thumb/v7-m/nofp\libc_nano.a(lib_a-impure.o)
                              c:/st/stm32cubeide_1.9.0/stm32cubeide/plugins/com.st.stm32cube.ide.mcu.externaltools.gnu-tools-for-stm32.10.3-2021.10.win32_1.0.0.202111181127/tools/bin/../lib/gcc/arm-none-eabi/10.3.1/../../../../arm-none-eabi/lib/thumb/v7-m/nofp\libc_nano.a(lib_a-exit.o) (_global_impure_ptr)
c:/st/stm32cubeide_1.9.0/stm32cubeide/plugins/com.st.stm32cube.ide.mcu.externaltools.gnu-tools-for-stm32.10.3-2021.10.win32_1.0.0.202111181127/tools/bin/../lib/gcc/arm-none-eabi/10.3.1/../../../../arm-none-eabi/lib/thumb/v7-m/nofp\libc_nano.a(lib_a-init.o)
                              c:/st/stm32cubeide_1.9.0/stm32cubeide/plugins/com.st.stm32cube.ide.mcu.externaltools.gnu-tools-for-stm32.10.3-2021.10.win32_1.0.0.202111181127/tools/bin/../lib/gcc/arm-none-eabi/10.3.1/../../../../arm-none-eabi/lib/thumb/v7-m/nofp/crt0.o (__libc_init_array)
c:/st/stm32cubeide_1.9.0/stm32cubeide/plugins/com.st.stm32cube.ide.mcu.externaltools.gnu-tools-for-stm32.10.3-2021.10.win32_1.0.0.202111181127/tools/bin/../lib/gcc/arm-none-eabi/10.3.1/../../../../arm-none-eabi/lib/thumb/v7-m/nofp\libc_nano.a(lib_a-memset.o)
                              c:/st/stm32cubeide_1.9.0/stm32cubeide/plugins/com.st.stm32cube.ide.mcu.externaltools.gnu-tools-for-stm32.10.3-2021.10.win32_1.0.0.202111181127/tools/bin/../lib/gcc/arm-none-eabi/10.3.1/../../../../arm-none-eabi/lib/thumb/v7-m/nofp/crt0.o (memset)

Discarded input sections

 .text          0x0000000000000000        0x0 c:/st/stm32cubeide_1.9.0/stm32cubeide/plugins/com.st.stm32cube.ide.mcu.externaltools.gnu-tools-for-stm32.10.3-2021.10.win32_1.0.0.202111181127/tools/bin/../lib/gcc/arm-none-eabi/10.3.1/thumb/v7-m/nofp/crti.o
 .data          0x0000000000000000        0x0 c:/st/stm32cubeide_1.9.0/stm32cubeide/plugins/com.st.stm32cube.ide.mcu.externaltools.gnu-tools-for-stm32.10.3-2021.10.win32_1.0.0.202111181127/tools/bin/../lib/gcc/arm-none-eabi/10.3.1/thumb/v7-m/nofp/crti.o
 .bss           0x0000000000000000        0x0 c:/st/stm32cubeide_1.9.0/stm32cubeide/plugins/com.st.stm32cube.ide.mcu.externaltools.gnu-tools-for-stm32.10.3-2021.10.win32_1.0.0.202111181127/tools/bin/../lib/gcc/arm-none-eabi/10.3.1/thumb/v7-m/nofp/crti.o
 .data          0x0000000000000000        0x4 c:/st/stm32cubeide_1.9.0/stm32cubeide/plugins/com.st.stm32cube.ide.mcu.externaltools.gnu-tools-for-stm32.10.3-2021.10.win32_1.0.0.202111181127/tools/bin/../lib/gcc/arm-none-eabi/10.3.1/thumb/v7-m/nofp/crtbegin.o
 .rodata        0x0000000000000000       0x24 c:/st/stm32cubeide_1.9.0/stm32cubeide/plugins/com.st.stm32cube.ide.mcu.externaltools.gnu-tools-for-stm32.10.3-2021.10.win32_1.0.0.202111181127/tools/bin/../lib/gcc/arm-none-eabi/10.3.1/thumb/v7-m/nofp/crtbegin.o
 .text          0x0000000000000000       0x7c c:/st/stm32cubeide_1.9.0/stm32cubeide/plugins/com.st.stm32cube.ide.mcu.externaltools.gnu-tools-for-stm32.10.3-2021.10.win32_1.0.0.202111181127/tools/bin/../lib/gcc/arm-none-eabi/10.3.1/../../../../arm-none-eabi/lib/thumb/v7-m/nofp/crt0.o
 .data          0x0000000000000000        0x0 c:/st/stm32cubeide_1.9.0/stm32cubeide/plugins/com.st.stm32cube.ide.mcu.externaltools.gnu-tools-for-stm32.10.3-2021.10.win32_1.0.0.202111181127/tools/bin/../lib/gcc/arm-none-eabi/10.3.1/../../../../arm-none-eabi/lib/thumb/v7-m/nofp/crt0.o
[...]
Memory Configuration

Name             Origin             Length             Attributes
RAM              0x0000000020000000 0x0000000000005000 xrw
FLASH            0x0000000008000000 0x0000000000010000 xr
*default*        0x0000000000000000 0xffffffffffffffff

Linker script and memory map

LOAD c:/st/stm32cubeide_1.9.0/stm32cubeide/plugins/com.st.stm32cube.ide.mcu.externaltools.gnu-tools-for-stm32.10.3-2021.10.win32_1.0.0.202111181127/tools/bin/../lib/gcc/arm-none-eabi/10.3.1/thumb/v7-m/nofp/crti.o
LOAD c:/st/stm32cubeide_1.9.0/stm32cubeide/plugins/com.st.stm32cube.ide.mcu.externaltools.gnu-tools-for-stm32.10.3-2021.10.win32_1.0.0.202111181127/tools/bin/../lib/gcc/arm-none-eabi/10.3.1/thumb/v7-m/nofp/crtbegin.o
LOAD c:/st/stm32cubeide_1.9.0/stm32cubeide/plugins/com.st.stm32cube.ide.mcu.externaltools.gnu-tools-for-stm32.10.3-2021.10.win32_1.0.0.202111181127/tools/bin/../lib/gcc/arm-none-eabi/10.3.1/../../../../arm-none-eabi/lib/thumb/v7-m/nofp/crt0.o
LOAD ./Core/Src/app.o
LOAD ./Core/Src/appconfig.o
LOAD ./Core/Src/main.o
LOAD ./Core/Src/stm32f1xx_hal_msp.o
LOAD ./Core/Src/stm32f1xx_it.o
LOAD ./Core/Src/syscalls.o
LOAD ./Core/Src/sysmem.o
LOAD ./Core/Src/system_stm32f1xx.o
LOAD ./Core/Startup/startup_stm32f103c8tx.o
LOAD ./Drivers/STM32F1xx_HAL_Driver/Src/stm32f1xx_hal.o
LOAD ./Drivers/STM32F1xx_HAL_Driver/Src/stm32f1xx_hal_cortex.o
LOAD ./Drivers/STM32F1xx_HAL_Driver/Src/stm32f1xx_hal_dma.o
LOAD ./Drivers/STM32F1xx_HAL_Driver/Src/stm32f1xx_hal_exti.o
LOAD ./Drivers/STM32F1xx_HAL_Driver/Src/stm32f1xx_hal_flash.o
LOAD ./Drivers/STM32F1xx_HAL_Driver/Src/stm32f1xx_hal_flash_ex.o
LOAD ./Drivers/STM32F1xx_HAL_Driver/Src/stm32f1xx_hal_gpio.o
LOAD ./Drivers/STM32F1xx_HAL_Driver/Src/stm32f1xx_hal_gpio_ex.o
LOAD ./Drivers/STM32F1xx_HAL_Driver/Src/stm32f1xx_hal_pwr.o
LOAD ./Drivers/STM32F1xx_HAL_Driver/Src/stm32f1xx_hal_rcc.o
LOAD ./Drivers/STM32F1xx_HAL_Driver/Src/stm32f1xx_hal_rcc_ex.o
START GROUP
LOAD c:/st/stm32cubeide_1.9.0/stm32cubeide/plugins/com.st.stm32cube.ide.mcu.externaltools.gnu-tools-for-stm32.10.3-2021.10.win32_1.0.0.202111181127/tools/bin/../lib/gcc/arm-none-eabi/10.3.1/../../../../arm-none-eabi/lib/thumb/v7-m/nofp\libstdc++_nano.a
LOAD c:/st/stm32cubeide_1.9.0/stm32cubeide/plugins/com.st.stm32cube.ide.mcu.externaltools.gnu-tools-for-stm32.10.3-2021.10.win32_1.0.0.202111181127/tools/bin/../lib/gcc/arm-none-eabi/10.3.1/../../../../arm-none-eabi/lib/thumb/v7-m/nofp\libsupc++_nano.a
END GROUP
LOAD c:/st/stm32cubeide_1.9.0/stm32cubeide/plugins/com.st.stm32cube.ide.mcu.externaltools.gnu-tools-for-stm32.10.3-2021.10.win32_1.0.0.202111181127/tools/bin/../lib/gcc/arm-none-eabi/10.3.1/../../../../arm-none-eabi/lib/thumb/v7-m/nofp\libstdc++_nano.a
LOAD c:/st/stm32cubeide_1.9.0/stm32cubeide/plugins/com.st.stm32cube.ide.mcu.externaltools.gnu-tools-for-stm32.10.3-2021.10.win32_1.0.0.202111181127/tools/bin/../lib/gcc/arm-none-eabi/10.3.1/../../../../arm-none-eabi/lib/thumb/v7-m/nofp\libm.a
LOAD c:/st/stm32cubeide_1.9.0/stm32cubeide/plugins/com.st.stm32cube.ide.mcu.externaltools.gnu-tools-for-stm32.10.3-2021.10.win32_1.0.0.202111181127/tools/bin/../lib/gcc/arm-none-eabi/10.3.1/../../../../arm-none-eabi/lib/thumb/v7-m/nofp\libc_nano.a
START GROUP
LOAD c:/st/stm32cubeide_1.9.0/stm32cubeide/plugins/com.st.stm32cube.ide.mcu.externaltools.gnu-tools-for-stm32.10.3-2021.10.win32_1.0.0.202111181127/tools/bin/../lib/gcc/arm-none-eabi/10.3.1/thumb/v7-m/nofp\libgcc.a
LOAD c:/st/stm32cubeide_1.9.0/stm32cubeide/plugins/com.st.stm32cube.ide.mcu.externaltools.gnu-tools-for-stm32.10.3-2021.10.win32_1.0.0.202111181127/tools/bin/../lib/gcc/arm-none-eabi/10.3.1/../../../../arm-none-eabi/lib/thumb/v7-m/nofp\libc_nano.a
END GROUP
START GROUP
LOAD c:/st/stm32cubeide_1.9.0/stm32cubeide/plugins/com.st.stm32cube.ide.mcu.externaltools.gnu-tools-for-stm32.10.3-2021.10.win32_1.0.0.202111181127/tools/bin/../lib/gcc/arm-none-eabi/10.3.1/thumb/v7-m/nofp\libgcc.a
LOAD c:/st/stm32cubeide_1.9.0/stm32cubeide/plugins/com.st.stm32cube.ide.mcu.externaltools.gnu-tools-for-stm32.10.3-2021.10.win32_1.0.0.202111181127/tools/bin/../lib/gcc/arm-none-eabi/10.3.1/../../../../arm-none-eabi/lib/thumb/v7-m/nofp\libc_nano.a
LOAD c:/st/stm32cubeide_1.9.0/stm32cubeide/plugins/com.st.stm32cube.ide.mcu.externaltools.gnu-tools-for-stm32.10.3-2021.10.win32_1.0.0.202111181127/tools/bin/../lib/gcc/arm-none-eabi/10.3.1/../../../../arm-none-eabi/lib/thumb/v7-m/nofp\libnosys.a
END GROUP
START GROUP
LOAD c:/st/stm32cubeide_1.9.0/stm32cubeide/plugins/com.st.stm32cube.ide.mcu.externaltools.gnu-tools-for-stm32.10.3-2021.10.win32_1.0.0.202111181127/tools/bin/../lib/gcc/arm-none-eabi/10.3.1/thumb/v7-m/nofp\libgcc.a
LOAD c:/st/stm32cubeide_1.9.0/stm32cubeide/plugins/com.st.stm32cube.ide.mcu.externaltools.gnu-tools-for-stm32.10.3-2021.10.win32_1.0.0.202111181127/tools/bin/../lib/gcc/arm-none-eabi/10.3.1/../../../../arm-none-eabi/lib/thumb/v7-m/nofp\libc_nano.a
LOAD c:/st/stm32cubeide_1.9.0/stm32cubeide/plugins/com.st.stm32cube.ide.mcu.externaltools.gnu-tools-for-stm32.10.3-2021.10.win32_1.0.0.202111181127/tools/bin/../lib/gcc/arm-none-eabi/10.3.1/../../../../arm-none-eabi/lib/thumb/v7-m/nofp\libnosys.a
END GROUP
LOAD c:/st/stm32cubeide_1.9.0/stm32cubeide/plugins/com.st.stm32cube.ide.mcu.externaltools.gnu-tools-for-stm32.10.3-2021.10.win32_1.0.0.202111181127/tools/bin/../lib/gcc/arm-none-eabi/10.3.1/thumb/v7-m/nofp/crtend.o
LOAD c:/st/stm32cubeide_1.9.0/stm32cubeide/plugins/com.st.stm32cube.ide.mcu.externaltools.gnu-tools-for-stm32.10.3-2021.10.win32_1.0.0.202111181127/tools/bin/../lib/gcc/arm-none-eabi/10.3.1/thumb/v7-m/nofp/crtn.o
                0x0000000020005000                _estack = (ORIGIN (RAM) + LENGTH (RAM))
                0x0000000000000200                _Min_Heap_Size = 0x200
                0x0000000000000400                _Min_Stack_Size = 0x400

.isr_vector     0x0000000008000000      0x10c
                0x0000000008000000                . = ALIGN (0x4)
 *(.isr_vector)
 .isr_vector    0x0000000008000000      0x10c ./Core/Startup/startup_stm32f103c8tx.o
                0x0000000008000000                g_pfnVectors
                0x000000000800010c                . = ALIGN (0x4)

.text           0x000000000800010c     0x1508
                0x000000000800010c                . = ALIGN (0x4)
 *(.text)
 .text          0x000000000800010c       0x40 c:/st/stm32cubeide_1.9.0/stm32cubeide/plugins/com.st.stm32cube.ide.mcu.externaltools.gnu-tools-for-stm32.10.3-2021.10.win32_1.0.0.202111181127/tools/bin/../lib/gcc/arm-none-eabi/10.3.1/thumb/v7-m/nofp/crtbegin.o
 *(.text*)
 .text._ZN4PortIL5Ports0EE12configurePinE13Configuration8PullMode5Speedt
                0x000000000800014c       0x48 ./Core/Src/app.o
                0x000000000800014c                Port<(Ports)0>::configurePin(Configuration, PullMode, Speed, unsigned short)
 .text._ZN4PortIL5Ports0EE6enableEv
                0x0000000008000194       0x2c ./Core/Src/app.o
                0x0000000008000194                Port<(Ports)0>::enable()
 .text._ZN4PortIL5Ports1EE12configurePinE13Configuration8PullMode5Speedt
                0x00000000080001c0       0x48 ./Core/Src/app.o
                0x00000000080001c0                Port<(Ports)1>::configurePin(Configuration, PullMode, Speed, unsigned short)
 .text._ZN4PortIL5Ports1EE6enableEv
                0x0000000008000208       0x2c ./Core/Src/app.o
                0x0000000008000208                Port<(Ports)1>::enable()
 .text._ZN4PortIL5Ports2EE6enableEv
                0x0000000008000234       0x2c ./Core/Src/app.o
                0x0000000008000234                Port<(Ports)2>::enable()
 .text._ZN3App15initializePortsEv
                0x0000000008000260       0x48 ./Core/Src/app.o
                0x0000000008000260                App::initializePorts()
 .text._ZN8PortBaseIL5Ports0EE12configurePinER16GPIO_InitTypeDef13Configuration8PullMode5Speedt
                0x00000000080002a8       0x42 ./Core/Src/app.o
                0x00000000080002a8                PortBase<(Ports)0>::configurePin(GPIO_InitTypeDef&, Configuration, PullMode, Speed, unsigned short)
 .text._ZN8PortBaseIL5Ports1EE12configurePinER16GPIO_InitTypeDef13Configuration8PullMode5Speedt
                0x00000000080002ea       0x42 ./Core/Src/app.o
                0x00000000080002ea                PortBase<(Ports)1>::configurePin(GPIO_InitTypeDef&, Configuration, PullMode, Speed, unsigned short)
 .text._ZN4PortIL5Ports1EE5resetIJiiiEEEvDpT_
                0x000000000800032c       0x54 ./Core/Src/app.o
                0x000000000800032c                void Port<(Ports)1>::reset<int, int, int>(int, int, int)
 .text._ZN4PortIL5Ports1EE9configureIJiiiEEEv13Configuration8PullMode5SpeedDpT_
                0x0000000008000380       0x44 ./Core/Src/app.o
                0x0000000008000380                void Port<(Ports)1>::configure<int, int, int>(Configuration, PullMode, Speed, int, int, int)
 .text._ZN4PortIL5Ports0EE9configureIJiEEEv13Configuration8PullMode5SpeedDpT_
                0x00000000080003c4       0x28 ./Core/Src/app.o
                0x00000000080003c4                void Port<(Ports)0>::configure<int>(Configuration, PullMode, Speed, int)
 .text._ZN9AppConfigC2Ev
                0x00000000080003ec       0x18 ./Core/Src/main.o
                0x00000000080003ec                AppConfig::AppConfig()
                0x00000000080003ec                AppConfig::AppConfig()
 .text._ZN9AppConfig11getInstanceEv
                0x0000000008000404       0x50 ./Core/Src/main.o
                0x0000000008000404                AppConfig::getInstance()
 .text._ZN9AppConfig8getDelayEv
                0x0000000008000454       0x16 ./Core/Src/main.o
                0x0000000008000454                AppConfig::getDelay()
 .text._ZN9AppConfig8setDelayEi
                0x000000000800046a       0x22 ./Core/Src/main.o
                0x000000000800046a                AppConfig::setDelay(int)
 .text.HAL_GPIO_EXTI_Callback
                0x000000000800048c       0x30 ./Core/Src/main.o
                0x000000000800048c                HAL_GPIO_EXTI_Callback
 .text.main     0x00000000080004bc       0x56 ./Core/Src/main.o
                0x00000000080004bc                main
 .text._Z18SystemClock_Configv
                0x0000000008000512       0x8a ./Core/Src/main.o
                0x0000000008000512                SystemClock_Config()
 .text.Error_Handler
                0x000000000800059c        0xa ./Core/Src/main.o
                0x000000000800059c                Error_Handler
 *fill*         0x00000000080005a6        0x2 
 .text._ZN4PortIL5Ports1EE3setIJiEEEvDpT_
                0x00000000080005a8       0x28 ./Core/Src/main.o
                0x00000000080005a8                void Port<(Ports)1>::set<int>(int)
 .text._ZN4PortIL5Ports1EE5resetIJiEEEvDpT_
                0x00000000080005d0       0x28 ./Core/Src/main.o
                0x00000000080005d0                void Port<(Ports)1>::reset<int>(int)
 .text.HAL_MspInit
                0x00000000080005f8       0x44 ./Core/Src/stm32f1xx_hal_msp.o
                0x00000000080005f8                HAL_MspInit
 .text.NMI_Handler
                0x000000000800063c        0x6 ./Core/Src/stm32f1xx_it.o
                0x000000000800063c                NMI_Handler
 .text.HardFault_Handler
                0x0000000008000642        0x6 ./Core/Src/stm32f1xx_it.o
                0x0000000008000642                HardFault_Handler
 .text.MemManage_Handler
                0x0000000008000648        0x6 ./Core/Src/stm32f1xx_it.o
                0x0000000008000648                MemManage_Handler
 .text.BusFault_Handler
                0x000000000800064e        0x6 ./Core/Src/stm32f1xx_it.o
                0x000000000800064e                BusFault_Handler
 .text.UsageFault_Handler
                0x0000000008000654        0x6 ./Core/Src/stm32f1xx_it.o
                0x0000000008000654                UsageFault_Handler
 .text.SVC_Handler
                0x000000000800065a        0xc ./Core/Src/stm32f1xx_it.o
                0x000000000800065a                SVC_Handler
 .text.DebugMon_Handler
                0x0000000008000666        0xc ./Core/Src/stm32f1xx_it.o
                0x0000000008000666                DebugMon_Handler
 .text.PendSV_Handler
                0x0000000008000672        0xc ./Core/Src/stm32f1xx_it.o
                0x0000000008000672                PendSV_Handler
 .text.SysTick_Handler
                0x000000000800067e        0xc ./Core/Src/stm32f1xx_it.o
                0x000000000800067e                SysTick_Handler
 .text.EXTI0_IRQHandler
                0x000000000800068a        0xe ./Core/Src/stm32f1xx_it.o
                0x000000000800068a                EXTI0_IRQHandler
 .text.SystemInit
                0x0000000008000698        0xc ./Core/Src/system_stm32f1xx.o
                0x0000000008000698                SystemInit
 .text.Reset_Handler
                0x00000000080006a4       0x48 ./Core/Startup/startup_stm32f103c8tx.o
                0x00000000080006a4                Reset_Handler
 .text.Default_Handler
                0x00000000080006ec        0x2 ./Core/Startup/startup_stm32f103c8tx.o
                0x00000000080006ec                RTC_Alarm_IRQHandler
                0x00000000080006ec                EXTI2_IRQHandler
                0x00000000080006ec                TIM1_CC_IRQHandler
                0x00000000080006ec                PVD_IRQHandler
                0x00000000080006ec                EXTI3_IRQHandler
                0x00000000080006ec                I2C2_EV_IRQHandler
                0x00000000080006ec                ADC1_2_IRQHandler
                0x00000000080006ec                SPI1_IRQHandler
                0x00000000080006ec                TAMPER_IRQHandler
                0x00000000080006ec                DMA1_Channel4_IRQHandler
                0x00000000080006ec                USART3_IRQHandler
                0x00000000080006ec                RTC_IRQHandler
                0x00000000080006ec                DMA1_Channel7_IRQHandler
                0x00000000080006ec                CAN1_RX1_IRQHandler
                0x00000000080006ec                TIM4_IRQHandler
                0x00000000080006ec                I2C1_EV_IRQHandler
                0x00000000080006ec                DMA1_Channel6_IRQHandler
                0x00000000080006ec                TIM3_IRQHandler
                0x00000000080006ec                RCC_IRQHandler
                0x00000000080006ec                TIM1_TRG_COM_IRQHandler
                0x00000000080006ec                DMA1_Channel1_IRQHandler
                0x00000000080006ec                Default_Handler
                0x00000000080006ec                EXTI15_10_IRQHandler
                0x00000000080006ec                EXTI9_5_IRQHandler
                0x00000000080006ec                SPI2_IRQHandler
                0x00000000080006ec                DMA1_Channel5_IRQHandler
                0x00000000080006ec                EXTI4_IRQHandler
                0x00000000080006ec                USB_LP_CAN1_RX0_IRQHandler
                0x00000000080006ec                USB_HP_CAN1_TX_IRQHandler
                0x00000000080006ec                DMA1_Channel3_IRQHandler
                0x00000000080006ec                TIM1_UP_IRQHandler
                0x00000000080006ec                WWDG_IRQHandler
                0x00000000080006ec                TIM2_IRQHandler
                0x00000000080006ec                TIM1_BRK_IRQHandler
                0x00000000080006ec                EXTI1_IRQHandler
                0x00000000080006ec                USART2_IRQHandler
                0x00000000080006ec                I2C2_ER_IRQHandler
                0x00000000080006ec                DMA1_Channel2_IRQHandler
                0x00000000080006ec                CAN1_SCE_IRQHandler
                0x00000000080006ec                FLASH_IRQHandler
                0x00000000080006ec                USART1_IRQHandler
                0x00000000080006ec                I2C1_ER_IRQHandler
                0x00000000080006ec                USBWakeUp_IRQHandler
 *fill*         0x00000000080006ee        0x2 
 .text.HAL_Init
                0x00000000080006f0       0x2c ./Drivers/STM32F1xx_HAL_Driver/Src/stm32f1xx_hal.o
                0x00000000080006f0                HAL_Init
 .text.HAL_InitTick
                0x000000000800071c       0x60 ./Drivers/STM32F1xx_HAL_Driver/Src/stm32f1xx_hal.o
                0x000000000800071c                HAL_InitTick
 .text.HAL_IncTick
                0x000000000800077c       0x24 ./Drivers/STM32F1xx_HAL_Driver/Src/stm32f1xx_hal.o
                0x000000000800077c                HAL_IncTick
 .text.HAL_GetTick
                0x00000000080007a0       0x14 ./Drivers/STM32F1xx_HAL_Driver/Src/stm32f1xx_hal.o
                0x00000000080007a0                HAL_GetTick
 .text.HAL_Delay
                0x00000000080007b4       0x48 ./Drivers/STM32F1xx_HAL_Driver/Src/stm32f1xx_hal.o
                0x00000000080007b4                HAL_Delay
 .text.__NVIC_SetPriorityGrouping
                0x00000000080007fc       0x48 ./Drivers/STM32F1xx_HAL_Driver/Src/stm32f1xx_hal_cortex.o
 .text.__NVIC_GetPriorityGrouping
                0x0000000008000844       0x1c ./Drivers/STM32F1xx_HAL_Driver/Src/stm32f1xx_hal_cortex.o
 .text.__NVIC_ClearPendingIRQ
                0x0000000008000860       0x3c ./Drivers/STM32F1xx_HAL_Driver/Src/stm32f1xx_hal_cortex.o
 .text.__NVIC_SetPriority
                0x000000000800089c       0x54 ./Drivers/STM32F1xx_HAL_Driver/Src/stm32f1xx_hal_cortex.o
 .text.NVIC_EncodePriority
                0x00000000080008f0       0x64 ./Drivers/STM32F1xx_HAL_Driver/Src/stm32f1xx_hal_cortex.o
 .text.SysTick_Config
                0x0000000008000954       0x44 ./Drivers/STM32F1xx_HAL_Driver/Src/stm32f1xx_hal_cortex.o
 .text.HAL_NVIC_SetPriorityGrouping
                0x0000000008000998       0x16 ./Drivers/STM32F1xx_HAL_Driver/Src/stm32f1xx_hal_cortex.o
                0x0000000008000998                HAL_NVIC_SetPriorityGrouping
 .text.HAL_NVIC_SetPriority
                0x00000000080009ae       0x38 ./Drivers/STM32F1xx_HAL_Driver/Src/stm32f1xx_hal_cortex.o
                0x00000000080009ae                HAL_NVIC_SetPriority
 .text.HAL_SYSTICK_Config
                0x00000000080009e6       0x18 ./Drivers/STM32F1xx_HAL_Driver/Src/stm32f1xx_hal_cortex.o
                0x00000000080009e6                HAL_SYSTICK_Config
 .text.HAL_NVIC_ClearPendingIRQ
                0x00000000080009fe       0x1c ./Drivers/STM32F1xx_HAL_Driver/Src/stm32f1xx_hal_cortex.o
                0x00000000080009fe                HAL_NVIC_ClearPendingIRQ
 *fill*         0x0000000008000a1a        0x2 
 .text.HAL_GPIO_Init
                0x0000000008000a1c      0x308 ./Drivers/STM32F1xx_HAL_Driver/Src/stm32f1xx_hal_gpio.o
                0x0000000008000a1c                HAL_GPIO_Init
 .text.HAL_GPIO_ReadPin
                0x0000000008000d24       0x2e ./Drivers/STM32F1xx_HAL_Driver/Src/stm32f1xx_hal_gpio.o
                0x0000000008000d24                HAL_GPIO_ReadPin
 .text.HAL_GPIO_WritePin
                0x0000000008000d52       0x30 ./Drivers/STM32F1xx_HAL_Driver/Src/stm32f1xx_hal_gpio.o
                0x0000000008000d52                HAL_GPIO_WritePin
 *fill*         0x0000000008000d82        0x2 
 .text.HAL_GPIO_EXTI_IRQHandler
                0x0000000008000d84       0x30 ./Drivers/STM32F1xx_HAL_Driver/Src/stm32f1xx_hal_gpio.o
                0x0000000008000d84                HAL_GPIO_EXTI_IRQHandler
 .text.HAL_RCC_OscConfig
                0x0000000008000db4      0x504 ./Drivers/STM32F1xx_HAL_Driver/Src/stm32f1xx_hal_rcc.o
                0x0000000008000db4                HAL_RCC_OscConfig
 .text.HAL_RCC_ClockConfig
                0x00000000080012b8      0x1d4 ./Drivers/STM32F1xx_HAL_Driver/Src/stm32f1xx_hal_rcc.o
                0x00000000080012b8                HAL_RCC_ClockConfig
 .text.HAL_RCC_GetSysClockFreq
                0x000000000800148c       0xbc ./Drivers/STM32F1xx_HAL_Driver/Src/stm32f1xx_hal_rcc.o
                0x000000000800148c                HAL_RCC_GetSysClockFreq
 .text.RCC_Delay
                0x0000000008001548       0x3c ./Drivers/STM32F1xx_HAL_Driver/Src/stm32f1xx_hal_rcc.o
 .text.__cxa_guard_acquire
                0x0000000008001584       0x18 c:/st/stm32cubeide_1.9.0/stm32cubeide/plugins/com.st.stm32cube.ide.mcu.externaltools.gnu-tools-for-stm32.10.3-2021.10.win32_1.0.0.202111181127/tools/bin/../lib/gcc/arm-none-eabi/10.3.1/../../../../arm-none-eabi/lib/thumb/v7-m/nofp\libstdc++_nano.a(guard.o)
                0x0000000008001584                __cxa_guard_acquire
 .text.__cxa_guard_release
                0x000000000800159c        0x6 c:/st/stm32cubeide_1.9.0/stm32cubeide/plugins/com.st.stm32cube.ide.mcu.externaltools.gnu-tools-for-stm32.10.3-2021.10.win32_1.0.0.202111181127/tools/bin/../lib/gcc/arm-none-eabi/10.3.1/../../../../arm-none-eabi/lib/thumb/v7-m/nofp\libstdc++_nano.a(guard.o)
                0x000000000800159c                __cxa_guard_release
 *fill*         0x00000000080015a2        0x2 
 .text.__libc_init_array
                0x00000000080015a4       0x48 c:/st/stm32cubeide_1.9.0/stm32cubeide/plugins/com.st.stm32cube.ide.mcu.externaltools.gnu-tools-for-stm32.10.3-2021.10.win32_1.0.0.202111181127/tools/bin/../lib/gcc/arm-none-eabi/10.3.1/../../../../arm-none-eabi/lib/thumb/v7-m/nofp\libc_nano.a(lib_a-init.o)
                0x00000000080015a4                __libc_init_array
 .text.memset   0x00000000080015ec       0x10 c:/st/stm32cubeide_1.9.0/stm32cubeide/plugins/com.st.stm32cube.ide.mcu.externaltools.gnu-tools-for-stm32.10.3-2021.10.win32_1.0.0.202111181127/tools/bin/../lib/gcc/arm-none-eabi/10.3.1/../../../../arm-none-eabi/lib/thumb/v7-m/nofp\libc_nano.a(lib_a-memset.o)
                0x00000000080015ec                memset
 *(.glue_7)
 .glue_7        0x00000000080015fc        0x0 linker stubs
 *(.glue_7t)
 .glue_7t       0x00000000080015fc        0x0 linker stubs
 *(.eh_frame)
 .eh_frame      0x00000000080015fc        0x0 c:/st/stm32cubeide_1.9.0/stm32cubeide/plugins/com.st.stm32cube.ide.mcu.externaltools.gnu-tools-for-stm32.10.3-2021.10.win32_1.0.0.202111181127/tools/bin/../lib/gcc/arm-none-eabi/10.3.1/thumb/v7-m/nofp/crtbegin.o
 *(.init)
 .init          0x00000000080015fc        0x4 c:/st/stm32cubeide_1.9.0/stm32cubeide/plugins/com.st.stm32cube.ide.mcu.externaltools.gnu-tools-for-stm32.10.3-2021.10.win32_1.0.0.202111181127/tools/bin/../lib/gcc/arm-none-eabi/10.3.1/thumb/v7-m/nofp/crti.o
                0x00000000080015fc                _init
 .init          0x0000000008001600        0x8 c:/st/stm32cubeide_1.9.0/stm32cubeide/plugins/com.st.stm32cube.ide.mcu.externaltools.gnu-tools-for-stm32.10.3-2021.10.win32_1.0.0.202111181127/tools/bin/../lib/gcc/arm-none-eabi/10.3.1/thumb/v7-m/nofp/crtn.o
 *(.fini)
 .fini          0x0000000008001608        0x4 c:/st/stm32cubeide_1.9.0/stm32cubeide/plugins/com.st.stm32cube.ide.mcu.externaltools.gnu-tools-for-stm32.10.3-2021.10.win32_1.0.0.202111181127/tools/bin/../lib/gcc/arm-none-eabi/10.3.1/thumb/v7-m/nofp/crti.o
                0x0000000008001608                _fini
 .fini          0x000000000800160c        0x8 c:/st/stm32cubeide_1.9.0/stm32cubeide/plugins/com.st.stm32cube.ide.mcu.externaltools.gnu-tools-for-stm32.10.3-2021.10.win32_1.0.0.202111181127/tools/bin/../lib/gcc/arm-none-eabi/10.3.1/thumb/v7-m/nofp/crtn.o
                0x0000000008001614                . = ALIGN (0x4)
                0x0000000008001614                _etext = .

.vfp11_veneer   0x0000000008001614        0x0
 .vfp11_veneer  0x0000000008001614        0x0 linker stubs

.v4_bx          0x0000000008001614        0x0
 .v4_bx         0x0000000008001614        0x0 linker stubs

.iplt           0x0000000008001614        0x0
 .iplt          0x0000000008001614        0x0 c:/st/stm32cubeide_1.9.0/stm32cubeide/plugins/com.st.stm32cube.ide.mcu.externaltools.gnu-tools-for-stm32.10.3-2021.10.win32_1.0.0.202111181127/tools/bin/../lib/gcc/arm-none-eabi/10.3.1/thumb/v7-m/nofp/crtbegin.o

.rodata         0x0000000008001614       0x20
                0x0000000008001614                . = ALIGN (0x4)
 *(.rodata)
 .rodata        0x0000000008001614       0x10 ./Drivers/STM32F1xx_HAL_Driver/Src/stm32f1xx_hal_rcc.o
 *(.rodata*)
 .rodata.AHBPrescTable
                0x0000000008001624       0x10 ./Core/Src/system_stm32f1xx.o
                0x0000000008001624                AHBPrescTable
                0x0000000008001634                . = ALIGN (0x4)

.rel.dyn        0x0000000008001634        0x0
 .rel.iplt      0x0000000008001634        0x0 c:/st/stm32cubeide_1.9.0/stm32cubeide/plugins/com.st.stm32cube.ide.mcu.externaltools.gnu-tools-for-stm32.10.3-2021.10.win32_1.0.0.202111181127/tools/bin/../lib/gcc/arm-none-eabi/10.3.1/thumb/v7-m/nofp/crtbegin.o

.ARM.extab      0x0000000008001634        0x0
                0x0000000008001634                . = ALIGN (0x4)
 *(.ARM.extab* .gnu.linkonce.armextab.*)
                0x0000000008001634                . = ALIGN (0x4)

.ARM            0x0000000008001634        0x0
                0x0000000008001634                . = ALIGN (0x4)
                0x0000000008001634                __exidx_start = .
 *(.ARM.exidx*)
                0x0000000008001634                __exidx_end = .
                0x0000000008001634                . = ALIGN (0x4)

.preinit_array  0x0000000008001634        0x0
                0x0000000008001634                . = ALIGN (0x4)
                0x0000000008001634                PROVIDE (__preinit_array_start = .)
 *(.preinit_array*)
                0x0000000008001634                PROVIDE (__preinit_array_end = .)
                0x0000000008001634                . = ALIGN (0x4)

.init_array     0x0000000008001634        0x4
                0x0000000008001634                . = ALIGN (0x4)
                0x0000000008001634                PROVIDE (__init_array_start = .)
 *(SORT_BY_NAME(.init_array.*))
 *(.init_array*)
 .init_array    0x0000000008001634        0x4 c:/st/stm32cubeide_1.9.0/stm32cubeide/plugins/com.st.stm32cube.ide.mcu.externaltools.gnu-tools-for-stm32.10.3-2021.10.win32_1.0.0.202111181127/tools/bin/../lib/gcc/arm-none-eabi/10.3.1/thumb/v7-m/nofp/crtbegin.o
                0x0000000008001638                PROVIDE (__init_array_end = .)
                0x0000000008001638                . = ALIGN (0x4)

.fini_array     0x0000000008001638        0x4
                0x0000000008001638                . = ALIGN (0x4)
                [!provide]                        PROVIDE (__fini_array_start = .)
 *(SORT_BY_NAME(.fini_array.*))
 *(.fini_array*)
 .fini_array    0x0000000008001638        0x4 c:/st/stm32cubeide_1.9.0/stm32cubeide/plugins/com.st.stm32cube.ide.mcu.externaltools.gnu-tools-for-stm32.10.3-2021.10.win32_1.0.0.202111181127/tools/bin/../lib/gcc/arm-none-eabi/10.3.1/thumb/v7-m/nofp/crtbegin.o
                [!provide]                        PROVIDE (__fini_array_end = .)
                0x000000000800163c                . = ALIGN (0x4)
                0x000000000800163c                _sidata = LOADADDR (.data)

.data           0x0000000020000000        0xc load address 0x000000000800163c
                0x0000000020000000                . = ALIGN (0x4)
                0x0000000020000000                _sdata = .
 *(.data)
 *(.data*)
 .data.SystemCoreClock
                0x0000000020000000        0x4 ./Core/Src/system_stm32f1xx.o
                0x0000000020000000                SystemCoreClock
 .data.uwTickPrio
                0x0000000020000004        0x4 ./Drivers/STM32F1xx_HAL_Driver/Src/stm32f1xx_hal.o
                0x0000000020000004                uwTickPrio
 .data.uwTickFreq
                0x0000000020000008        0x1 ./Drivers/STM32F1xx_HAL_Driver/Src/stm32f1xx_hal.o
                0x0000000020000008                uwTickFreq
 *(.RamFunc)
 *(.RamFunc*)
                0x000000002000000c                . = ALIGN (0x4)
 *fill*         0x0000000020000009        0x3 
                0x000000002000000c                _edata = .

.igot.plt       0x000000002000000c        0x0 load address 0x0000000008001648
 .igot.plt      0x000000002000000c        0x0 c:/st/stm32cubeide_1.9.0/stm32cubeide/plugins/com.st.stm32cube.ide.mcu.externaltools.gnu-tools-for-stm32.10.3-2021.10.win32_1.0.0.202111181127/tools/bin/../lib/gcc/arm-none-eabi/10.3.1/thumb/v7-m/nofp/crtbegin.o
                0x000000002000000c                . = ALIGN (0x4)

.bss            0x000000002000000c       0x28 load address 0x0000000008001648
                0x000000002000000c                _sbss = .
                0x000000002000000c                __bss_start__ = _sbss
 *(.bss)
 .bss           0x000000002000000c       0x1c c:/st/stm32cubeide_1.9.0/stm32cubeide/plugins/com.st.stm32cube.ide.mcu.externaltools.gnu-tools-for-stm32.10.3-2021.10.win32_1.0.0.202111181127/tools/bin/../lib/gcc/arm-none-eabi/10.3.1/thumb/v7-m/nofp/crtbegin.o
 *(.bss*)
 .bss._ZZN9AppConfig11getInstanceEvE9_instance
                0x0000000020000028        0x4 ./Core/Src/main.o
                0x0000000020000028                AppConfig::getInstance()::_instance
 .bss._ZGVZN9AppConfig11getInstanceEvE9_instance
                0x000000002000002c        0x4 ./Core/Src/main.o
                0x000000002000002c                guard variable for AppConfig::getInstance()::_instance
 .bss.uwTick    0x0000000020000030        0x4 ./Drivers/STM32F1xx_HAL_Driver/Src/stm32f1xx_hal.o
                0x0000000020000030                uwTick
 *(COMMON)
                0x0000000020000034                . = ALIGN (0x4)
                0x0000000020000034                _ebss = .
                0x0000000020000034                __bss_end__ = _ebss

._user_heap_stack
                0x0000000020000034      0x604 load address 0x0000000008001648
                0x0000000020000038                . = ALIGN (0x8)
 *fill*         0x0000000020000034        0x4 
                [!provide]                        PROVIDE (end = .)
                0x0000000020000038                PROVIDE (_end = .)
                0x0000000020000238                . = (. + _Min_Heap_Size)
 *fill*         0x0000000020000038      0x200 
                0x0000000020000638                . = (. + _Min_Stack_Size)
 *fill*         0x0000000020000238      0x400 
                0x0000000020000638                . = ALIGN (0x8)

/DISCARD/
 libc.a(*)
 libm.a(*)
 libgcc.a(*)

.ARM.attributes
                0x0000000000000000       0x29
 *(.ARM.attributes)
 .ARM.attributes
                0x0000000000000000       0x1d c:/st/stm32cubeide_1.9.0/stm32cubeide/plugins/com.st.stm32cube.ide.mcu.externaltools.gnu-tools-for-stm32.10.3-2021.10.win32_1.0.0.202111181127/tools/bin/../lib/gcc/arm-none-eabi/10.3.1/thumb/v7-m/nofp/crti.o
 .ARM.attributes
                0x000000000000001d       0x2d c:/st/stm32cubeide_1.9.0/stm32cubeide/plugins/com.st.stm32cube.ide.mcu.externaltools.gnu-tools-for-stm32.10.3-2021.10.win32_1.0.0.202111181127/tools/bin/../lib/gcc/arm-none-eabi/10.3.1/thumb/v7-m/nofp/crtbegin.o
 .ARM.attributes
                0x000000000000004a       0x2d ./Core/Src/app.o
 .ARM.attributes
                0x0000000000000077       0x2d ./Core/Src/main.o
 .ARM.attributes
                0x00000000000000a4       0x2d ./Core/Src/stm32f1xx_hal_msp.o
 .ARM.attributes
                0x00000000000000d1       0x2d ./Core/Src/stm32f1xx_it.o
 .ARM.attributes
                0x00000000000000fe       0x2d ./Core/Src/system_stm32f1xx.o
 .ARM.attributes
                0x000000000000012b       0x21 ./Core/Startup/startup_stm32f103c8tx.o
 .ARM.attributes
                0x000000000000014c       0x2d ./Drivers/STM32F1xx_HAL_Driver/Src/stm32f1xx_hal.o
 .ARM.attributes
                0x0000000000000179       0x2d ./Drivers/STM32F1xx_HAL_Driver/Src/stm32f1xx_hal_cortex.o
 .ARM.attributes
                0x00000000000001a6       0x2d ./Drivers/STM32F1xx_HAL_Driver/Src/stm32f1xx_hal_gpio.o
 .ARM.attributes
                0x00000000000001d3       0x2d ./Drivers/STM32F1xx_HAL_Driver/Src/stm32f1xx_hal_rcc.o
 .ARM.attributes
                0x0000000000000200       0x2d c:/st/stm32cubeide_1.9.0/stm32cubeide/plugins/com.st.stm32cube.ide.mcu.externaltools.gnu-tools-for-stm32.10.3-2021.10.win32_1.0.0.202111181127/tools/bin/../lib/gcc/arm-none-eabi/10.3.1/../../../../arm-none-eabi/lib/thumb/v7-m/nofp\libstdc++_nano.a(guard.o)
 .ARM.attributes
                0x000000000000022d       0x2d c:/st/stm32cubeide_1.9.0/stm32cubeide/plugins/com.st.stm32cube.ide.mcu.externaltools.gnu-tools-for-stm32.10.3-2021.10.win32_1.0.0.202111181127/tools/bin/../lib/gcc/arm-none-eabi/10.3.1/../../../../arm-none-eabi/lib/thumb/v7-m/nofp\libc_nano.a(lib_a-init.o)
 .ARM.attributes
                0x000000000000025a       0x2d c:/st/stm32cubeide_1.9.0/stm32cubeide/plugins/com.st.stm32cube.ide.mcu.externaltools.gnu-tools-for-stm32.10.3-2021.10.win32_1.0.0.202111181127/tools/bin/../lib/gcc/arm-none-eabi/10.3.1/../../../../arm-none-eabi/lib/thumb/v7-m/nofp\libc_nano.a(lib_a-memset.o)
 .ARM.attributes
                0x0000000000000287       0x1d c:/st/stm32cubeide_1.9.0/stm32cubeide/plugins/com.st.stm32cube.ide.mcu.externaltools.gnu-tools-for-stm32.10.3-2021.10.win32_1.0.0.202111181127/tools/bin/../lib/gcc/arm-none-eabi/10.3.1/thumb/v7-m/nofp/crtn.o
OUTPUT(F103TestApp.elf elf32-littlearm)
LOAD linker stubs
LOAD c:/st/stm32cubeide_1.9.0/stm32cubeide/plugins/com.st.stm32cube.ide.mcu.externaltools.gnu-tools-for-stm32.10.3-2021.10.win32_1.0.0.202111181127/tools/bin/../lib/gcc/arm-none-eabi/10.3.1/../../../../arm-none-eabi/lib/thumb/v7-m/nofp\libc.a
LOAD c:/st/stm32cubeide_1.9.0/stm32cubeide/plugins/com.st.stm32cube.ide.mcu.externaltools.gnu-tools-for-stm32.10.3-2021.10.win32_1.0.0.202111181127/tools/bin/../lib/gcc/arm-none-eabi/10.3.1/../../../../arm-none-eabi/lib/thumb/v7-m/nofp\libm.a
LOAD c:/st/stm32cubeide_1.9.0/stm32cubeide/plugins/com.st.stm32cube.ide.mcu.externaltools.gnu-tools-for-stm32.10.3-2021.10.win32_1.0.0.202111181127/tools/bin/../lib/gcc/arm-none-eabi/10.3.1/thumb/v7-m/nofp\libgcc.a

.debug_info     0x0000000000000000     0x398b
 .debug_info    0x0000000000000000      0x90c ./Core/Src/app.o
 .debug_info    0x000000000000090c      0xa79 ./Core/Src/main.o
 .debug_info    0x0000000000001385      0x180 ./Core/Src/stm32f1xx_hal_msp.o
 .debug_info    0x0000000000001505      0x15e ./Core/Src/stm32f1xx_it.o
 .debug_info    0x0000000000001663      0x23d ./Core/Src/system_stm32f1xx.o
 .debug_info    0x00000000000018a0       0x22 ./Core/Startup/startup_stm32f103c8tx.o
 .debug_info    0x00000000000018c2      0x734 ./Drivers/STM32F1xx_HAL_Driver/Src/stm32f1xx_hal.o
 .debug_info    0x0000000000001ff6      0xb20 ./Drivers/STM32F1xx_HAL_Driver/Src/stm32f1xx_hal_cortex.o
 .debug_info    0x0000000000002b16      0x615 ./Drivers/STM32F1xx_HAL_Driver/Src/stm32f1xx_hal_gpio.o
 .debug_info    0x000000000000312b      0x860 ./Drivers/STM32F1xx_HAL_Driver/Src/stm32f1xx_hal_rcc.o

.debug_abbrev   0x0000000000000000     0x128f
 .debug_abbrev  0x0000000000000000      0x257 ./Core/Src/app.o
 .debug_abbrev  0x0000000000000257      0x43f ./Core/Src/main.o
 .debug_abbrev  0x0000000000000696       0xc2 ./Core/Src/stm32f1xx_hal_msp.o
 .debug_abbrev  0x0000000000000758       0x9f ./Core/Src/stm32f1xx_it.o
 .debug_abbrev  0x00000000000007f7      0x13b ./Core/Src/system_stm32f1xx.o
 .debug_abbrev  0x0000000000000932       0x12 ./Core/Startup/startup_stm32f103c8tx.o
 .debug_abbrev  0x0000000000000944      0x1fb ./Drivers/STM32F1xx_HAL_Driver/Src/stm32f1xx_hal.o
 .debug_abbrev  0x0000000000000b3f      0x2ed ./Drivers/STM32F1xx_HAL_Driver/Src/stm32f1xx_hal_cortex.o
 .debug_abbrev  0x0000000000000e2c      0x1bb ./Drivers/STM32F1xx_HAL_Driver/Src/stm32f1xx_hal_gpio.o
 .debug_abbrev  0x0000000000000fe7      0x2a8 ./Drivers/STM32F1xx_HAL_Driver/Src/stm32f1xx_hal_rcc.o

.debug_aranges  0x0000000000000000      0x478
 .debug_aranges
                0x0000000000000000       0x70 ./Core/Src/app.o
 .debug_aranges
                0x0000000000000070       0x68 ./Core/Src/main.o
 .debug_aranges
                0x00000000000000d8       0x20 ./Core/Src/stm32f1xx_hal_msp.o
 .debug_aranges
                0x00000000000000f8       0x68 ./Core/Src/stm32f1xx_it.o
 .debug_aranges
                0x0000000000000160       0x28 ./Core/Src/system_stm32f1xx.o
 .debug_aranges
                0x0000000000000188       0x28 ./Core/Startup/startup_stm32f103c8tx.o
 .debug_aranges
                0x00000000000001b0       0xe0 ./Drivers/STM32F1xx_HAL_Driver/Src/stm32f1xx_hal.o
 .debug_aranges
                0x0000000000000290      0x100 ./Drivers/STM32F1xx_HAL_Driver/Src/stm32f1xx_hal_cortex.o
 .debug_aranges
                0x0000000000000390       0x58 ./Drivers/STM32F1xx_HAL_Driver/Src/stm32f1xx_hal_gpio.o
 .debug_aranges
                0x00000000000003e8       0x90 ./Drivers/STM32F1xx_HAL_Driver/Src/stm32f1xx_hal_rcc.o

.debug_ranges   0x0000000000000000      0x3e0
 .debug_ranges  0x0000000000000000       0x60 ./Core/Src/app.o
 .debug_ranges  0x0000000000000060       0x58 ./Core/Src/main.o
 .debug_ranges  0x00000000000000b8       0x10 ./Core/Src/stm32f1xx_hal_msp.o
 .debug_ranges  0x00000000000000c8       0x58 ./Core/Src/stm32f1xx_it.o
 .debug_ranges  0x0000000000000120       0x18 ./Core/Src/system_stm32f1xx.o
 .debug_ranges  0x0000000000000138       0x20 ./Core/Startup/startup_stm32f103c8tx.o
 .debug_ranges  0x0000000000000158       0xd0 ./Drivers/STM32F1xx_HAL_Driver/Src/stm32f1xx_hal.o
 .debug_ranges  0x0000000000000228       0xf0 ./Drivers/STM32F1xx_HAL_Driver/Src/stm32f1xx_hal_cortex.o
 .debug_ranges  0x0000000000000318       0x48 ./Drivers/STM32F1xx_HAL_Driver/Src/stm32f1xx_hal_gpio.o
 .debug_ranges  0x0000000000000360       0x80 ./Drivers/STM32F1xx_HAL_Driver/Src/stm32f1xx_hal_rcc.o

.debug_macro    0x0000000000000000    0x175a6
 .debug_macro   0x0000000000000000      0x19d ./Core/Src/app.o
 .debug_macro   0x000000000000019d      0xc0a ./Core/Src/app.o
 .debug_macro   0x0000000000000da7      0x20f ./Core/Src/app.o
 .debug_macro   0x0000000000000fb6       0x2e ./Core/Src/app.o
 .debug_macro   0x0000000000000fe4       0x22 ./Core/Src/app.o
 .debug_macro   0x0000000000001006       0x1c ./Core/Src/app.o
 .debug_macro   0x0000000000001022       0x22 ./Core/Src/app.o
 .debug_macro   0x0000000000001044       0x56 ./Core/Src/app.o
 .debug_macro   0x000000000000109a       0x51 ./Core/Src/app.o
 .debug_macro   0x00000000000010eb      0x103 ./Core/Src/app.o
 .debug_macro   0x00000000000011ee       0x6a ./Core/Src/app.o
 .debug_macro   0x0000000000001258      0x1df ./Core/Src/app.o
 .debug_macro   0x0000000000001437       0x1c ./Core/Src/app.o
 .debug_macro   0x0000000000001453       0x22 ./Core/Src/app.o
 .debug_macro   0x0000000000001475       0xbd ./Core/Src/app.o
 .debug_macro   0x0000000000001532      0xd23 ./Core/Src/app.o
 .debug_macro   0x0000000000002255     0xe09e ./Core/Src/app.o
 .debug_macro   0x00000000000102f3       0x6d ./Core/Src/app.o
 .debug_macro   0x0000000000010360     0x3468 ./Core/Src/app.o
 .debug_macro   0x00000000000137c8      0x17b ./Core/Src/app.o
 .debug_macro   0x0000000000013943       0x5c ./Core/Src/app.o
 .debug_macro   0x000000000001399f      0x5be ./Core/Src/app.o
 .debug_macro   0x0000000000013f5d      0x289 ./Core/Src/app.o
 .debug_macro   0x00000000000141e6      0x1cb ./Core/Src/app.o
 .debug_macro   0x00000000000143b1      0x114 ./Core/Src/app.o
 .debug_macro   0x00000000000144c5      0x1b2 ./Core/Src/app.o
 .debug_macro   0x0000000000014677       0x27 ./Core/Src/app.o
 .debug_macro   0x000000000001469e      0x136 ./Core/Src/app.o
 .debug_macro   0x00000000000147d4      0x1bc ./Core/Src/app.o
 .debug_macro   0x0000000000014990       0x34 ./Core/Src/app.o
 .debug_macro   0x00000000000149c4       0x3c ./Core/Src/app.o
 .debug_macro   0x0000000000014a00       0x57 ./Core/Src/app.o
 .debug_macro   0x0000000000014a57       0x88 ./Core/Src/app.o
 .debug_macro   0x0000000000014adf      0x241 ./Core/Src/app.o
 .debug_macro   0x0000000000014d20      0x141 ./Core/Src/app.o
 .debug_macro   0x0000000000014e61       0x83 ./Core/Src/app.o
 .debug_macro   0x0000000000014ee4      0x1b6 ./Core/Src/main.o
 .debug_macro   0x000000000001509a       0x16 ./Core/Src/main.o
 .debug_macro   0x00000000000150b0      0x193 ./Core/Src/stm32f1xx_hal_msp.o
 .debug_macro   0x0000000000015243      0xa6c ./Core/Src/stm32f1xx_hal_msp.o
 .debug_macro   0x0000000000015caf       0x8e ./Core/Src/stm32f1xx_hal_msp.o
 .debug_macro   0x0000000000015d3d      0xd23 ./Core/Src/stm32f1xx_hal_msp.o
 .debug_macro   0x0000000000016a60      0x174 ./Core/Src/stm32f1xx_hal_msp.o
 .debug_macro   0x0000000000016bd4      0x19d ./Core/Src/stm32f1xx_it.o
 .debug_macro   0x0000000000016d71      0x184 ./Core/Src/system_stm32f1xx.o
 .debug_macro   0x0000000000016ef5      0x1a8 ./Drivers/STM32F1xx_HAL_Driver/Src/stm32f1xx_hal.o
 .debug_macro   0x000000000001709d      0x184 ./Drivers/STM32F1xx_HAL_Driver/Src/stm32f1xx_hal_cortex.o
 .debug_macro   0x0000000000017221      0x1ef ./Drivers/STM32F1xx_HAL_Driver/Src/stm32f1xx_hal_gpio.o
 .debug_macro   0x0000000000017410      0x196 ./Drivers/STM32F1xx_HAL_Driver/Src/stm32f1xx_hal_rcc.o

.debug_line     0x0000000000000000     0x4d48
 .debug_line    0x0000000000000000      0x772 ./Core/Src/app.o
 .debug_line    0x0000000000000772      0x7bc ./Core/Src/main.o
 .debug_line    0x0000000000000f2e      0x624 ./Core/Src/stm32f1xx_hal_msp.o
 .debug_line    0x0000000000001552      0x6ff ./Core/Src/stm32f1xx_it.o
 .debug_line    0x0000000000001c51      0x6a3 ./Core/Src/system_stm32f1xx.o
 .debug_line    0x00000000000022f4       0x87 ./Core/Startup/startup_stm32f103c8tx.o
 .debug_line    0x000000000000237b      0x8d0 ./Drivers/STM32F1xx_HAL_Driver/Src/stm32f1xx_hal.o
 .debug_line    0x0000000000002c4b      0xab8 ./Drivers/STM32F1xx_HAL_Driver/Src/stm32f1xx_hal_cortex.o
 .debug_line    0x0000000000003703      0x967 ./Drivers/STM32F1xx_HAL_Driver/Src/stm32f1xx_hal_gpio.o
 .debug_line    0x000000000000406a      0xcde ./Drivers/STM32F1xx_HAL_Driver/Src/stm32f1xx_hal_rcc.o

.debug_str      0x0000000000000000    0x7caef
 .debug_str     0x0000000000000000    0x7b472 ./Core/Src/app.o
                                      0x7b7e1 (size before relaxing)
 .debug_str     0x000000000007b472      0x730 ./Core/Src/main.o
                                      0x7bd0c (size before relaxing)
 .debug_str     0x000000000007bba2      0x2e6 ./Core/Src/stm32f1xx_hal_msp.o
                                      0x7aaae (size before relaxing)
 .debug_str     0x000000000007be88       0xda ./Core/Src/stm32f1xx_it.o
                                      0x7ab2f (size before relaxing)
 .debug_str     0x000000000007bf62       0x88 ./Core/Src/system_stm32f1xx.o
                                      0x7aab2 (size before relaxing)
 .debug_str     0x000000000007bfea       0x36 ./Core/Startup/startup_stm32f103c8tx.o
                                         0x65 (size before relaxing)
 .debug_str     0x000000000007c020      0x335 ./Drivers/STM32F1xx_HAL_Driver/Src/stm32f1xx_hal.o
                                      0x7b1e5 (size before relaxing)
 .debug_str     0x000000000007c355      0x2ac ./Drivers/STM32F1xx_HAL_Driver/Src/stm32f1xx_hal_cortex.o
                                      0x7b131 (size before relaxing)
 .debug_str     0x000000000007c601      0x2d0 ./Drivers/STM32F1xx_HAL_Driver/Src/stm32f1xx_hal_gpio.o
                                      0x7ae38 (size before relaxing)
 .debug_str     0x000000000007c8d1      0x21e ./Drivers/STM32F1xx_HAL_Driver/Src/stm32f1xx_hal_rcc.o
                                      0x7aee1 (size before relaxing)

.comment        0x0000000000000000       0x50
 .comment       0x0000000000000000       0x50 ./Core/Src/app.o
                                         0x51 (size before relaxing)
 .comment       0x0000000000000050       0x51 ./Core/Src/main.o
 .comment       0x0000000000000050       0x51 ./Core/Src/stm32f1xx_hal_msp.o
 .comment       0x0000000000000050       0x51 ./Core/Src/stm32f1xx_it.o
 .comment       0x0000000000000050       0x51 ./Core/Src/system_stm32f1xx.o
 .comment       0x0000000000000050       0x51 ./Drivers/STM32F1xx_HAL_Driver/Src/stm32f1xx_hal.o
 .comment       0x0000000000000050       0x51 ./Drivers/STM32F1xx_HAL_Driver/Src/stm32f1xx_hal_cortex.o
 .comment       0x0000000000000050       0x51 ./Drivers/STM32F1xx_HAL_Driver/Src/stm32f1xx_hal_gpio.o
 .comment       0x0000000000000050       0x51 ./Drivers/STM32F1xx_HAL_Driver/Src/stm32f1xx_hal_rcc.o

.debug_frame    0x0000000000000000     0x1018
 .debug_frame   0x0000000000000000      0x1b0 ./Core/Src/app.o
 .debug_frame   0x00000000000001b0      0x168 ./Core/Src/main.o
 .debug_frame   0x0000000000000318       0x38 ./Core/Src/stm32f1xx_hal_msp.o
 .debug_frame   0x0000000000000350      0x120 ./Core/Src/stm32f1xx_it.o
 .debug_frame   0x0000000000000470       0x58 ./Core/Src/system_stm32f1xx.o
 .debug_frame   0x00000000000004c8      0x334 ./Drivers/STM32F1xx_HAL_Driver/Src/stm32f1xx_hal.o
 .debug_frame   0x00000000000007fc      0x428 ./Drivers/STM32F1xx_HAL_Driver/Src/stm32f1xx_hal_cortex.o
 .debug_frame   0x0000000000000c24      0x14c ./Drivers/STM32F1xx_HAL_Driver/Src/stm32f1xx_hal_gpio.o
 .debug_frame   0x0000000000000d70      0x21c ./Drivers/STM32F1xx_HAL_Driver/Src/stm32f1xx_hal_rcc.o
 .debug_frame   0x0000000000000f8c       0x40 c:/st/stm32cubeide_1.9.0/stm32cubeide/plugins/com.st.stm32cube.ide.mcu.externaltools.gnu-tools-for-stm32.10.3-2021.10.win32_1.0.0.202111181127/tools/bin/../lib/gcc/arm-none-eabi/10.3.1/../../../../arm-none-eabi/lib/thumb/v7-m/nofp\libstdc++_nano.a(guard.o)
 .debug_frame   0x0000000000000fcc       0x2c c:/st/stm32cubeide_1.9.0/stm32cubeide/plugins/com.st.stm32cube.ide.mcu.externaltools.gnu-tools-for-stm32.10.3-2021.10.win32_1.0.0.202111181127/tools/bin/../lib/gcc/arm-none-eabi/10.3.1/../../../../arm-none-eabi/lib/thumb/v7-m/nofp\libc_nano.a(lib_a-init.o)
 .debug_frame   0x0000000000000ff8       0x20 c:/st/stm32cubeide_1.9.0/stm32cubeide/plugins/com.st.stm32cube.ide.mcu.externaltools.gnu-tools-for-stm32.10.3-2021.10.win32_1.0.0.202111181127/tools/bin/../lib/gcc/arm-none-eabi/10.3.1/../../../../arm-none-eabi/lib/thumb/v7-m/nofp\libc_nano.a(lib_a-memset.o)
