../CommonTools/pins.h:73:17:static void Port<GPIOa>::configurePin(Configuration, PullMode, Speed, uint16_t)	40	static
../CommonTools/pins.h:81:9:static void Port<GPIOa>::enable()	16	static
../CommonTools/pins.h:107:21:static void Port<GPIOc>::configurePin(Configuration, PullMode, Speed, uint16_t)	40	static
../CommonTools/pins.h:115:9:static void Port<GPIOc>::enable()	16	static
../CommonTools/pins.h:147:9:static void Port<GPIOd>::enable()	16	static
../Core/Src/app.cpp:11:1:static void App::initializePorts()	16	static
../CommonTools/pins.h:54:21:static void PortBase<PORT>::configurePin(GPIO_InitTypeDef&, Configuration, PullMode, Speed, uint16_t) [with Ports PORT = GPIOa]	32	static
../CommonTools/pins.h:54:21:static void PortBase<PORT>::configurePin(GPIO_InitTypeDef&, Configuration, PullMode, Speed, uint16_t) [with Ports PORT = GPIOc]	32	static
../CommonTools/pins.h:120:46:) [with T = {int, int, int}]	24	static
../CommonTools/pins.h:130:46:) [with T = {int, int, int}]	24	static
../CommonTools/pins.h:97:46:) [with T = {int}]	24	static
